============================= test session starts ==============================
platform darwin -- Python 3.12.7, pytest-7.4.4, pluggy-1.0.0 -- /opt/anaconda3/bin/python3
cachedir: .pytest_cache
rootdir: /Users/smallfire/Desktop/Renting_model_ONNX
plugins: anyio-4.13.0
collecting ... collected 19 items

tests/test_integration.py::test_crawler_module_complete PASSED           [  5%]
tests/test_integration.py::test_data_prep_module_complete PASSED         [ 10%]
tests/test_integration.py::test_data_pipeline_orchestration PASSED       [ 15%]
tests/test_integration.py::test_pydantic_models PASSED                   [ 21%]
tests/test_integration.py::test_configuration_hierarchy PASSED           [ 26%]
tests/test_integration.py::test_base_classes PASSED                      [ 31%]
tests/test_integration.py::test_end_to_end_imports PASSED                [ 36%]
tests/test_phase1_crawlers.py::test_crawler_config_init PASSED           [ 42%]
tests/test_phase1_crawlers.py::test_rental_property_model PASSED         [ 47%]
tests/test_phase1_crawlers.py::test_rental_property_validation PASSED    [ 52%]
tests/test_phase1_crawlers.py::test_rental_property_to_csv_row PASSED    [ 57%]
tests/test_phase1_crawlers.py::test_csv_columns_completeness PASSED      [ 63%]
tests/test_phase1_crawlers.py::test_crawler_config_output_paths PASSED   [ 68%]
tests/test_phase1_crawlers.py::test_crawler_config_crawler_params PASSED [ 73%]
tests/test_phase2_dataprep.py::test_dataprep_config_init PASSED          [ 78%]
tests/test_phase2_dataprep.py::test_dataprep_config_parameters PASSED    [ 84%]
tests/test_phase2_dataprep.py::test_base_processor PASSED                [ 89%]
tests/test_phase2_dataprep.py::test_all_processors_import PASSED         [ 94%]
tests/test_phase2_dataprep.py::test_pipeline_init PASSED                 [100%]

============================== 19 passed in 0.66s ==============================
